[2022-03-26T01:03:13.977+0300][gc] Using G1
[2022-03-26T01:03:13.979+0300][gc,init] Version: 17.0.1+12-LTS-39 (release)
[2022-03-26T01:03:13.979+0300][gc,init] CPUs: 8 total, 8 available
[2022-03-26T01:03:13.979+0300][gc,init] Memory: 16384M
[2022-03-26T01:03:13.979+0300][gc,init] Large Page Support: Disabled
[2022-03-26T01:03:13.979+0300][gc,init] NUMA Support: Disabled
[2022-03-26T01:03:13.979+0300][gc,init] Compressed Oops: Enabled (Zero based)
[2022-03-26T01:03:13.979+0300][gc,init] Heap Region Size: 1M
[2022-03-26T01:03:13.979+0300][gc,init] Heap Min Capacity: 1G
[2022-03-26T01:03:13.979+0300][gc,init] Heap Initial Capacity: 1G
[2022-03-26T01:03:13.979+0300][gc,init] Heap Max Capacity: 1G
[2022-03-26T01:03:13.979+0300][gc,init] Pre-touch: Disabled
[2022-03-26T01:03:13.979+0300][gc,init] Parallel Workers: 8
[2022-03-26T01:03:13.979+0300][gc,init] Concurrent Workers: 2
[2022-03-26T01:03:13.979+0300][gc,init] Concurrent Refinement Workers: 8
[2022-03-26T01:03:13.979+0300][gc,init] Periodic GC: Disabled
[2022-03-26T01:03:13.979+0300][gc,metaspace] CDS archive(s) mapped at: [0x0000000800000000-0x0000000800bd4000-0x0000000800bd4000), size 12402688, SharedBaseAddress: 0x0000000800000000, ArchiveRelocationMode: 0.
[2022-03-26T01:03:13.979+0300][gc,metaspace] Compressed class space mapped at: 0x0000000800c00000-0x0000000840c00000, reserved size: 1073741824
[2022-03-26T01:03:13.979+0300][gc,metaspace] Narrow klass base: 0x0000000800000000, Narrow klass shift: 0, Narrow klass range: 0x100000000
[2022-03-26T01:03:19.857+0300][gc,start    ] GC(0) Pause Young (Normal) (G1 Evacuation Pause)
[2022-03-26T01:03:19.857+0300][gc,task     ] GC(0) Using 8 workers of 8 for evacuation
[2022-03-26T01:03:19.859+0300][gc,phases   ] GC(0)   Pre Evacuate Collection Set: 0.1ms
[2022-03-26T01:03:19.859+0300][gc,phases   ] GC(0)   Merge Heap Roots: 0.0ms
[2022-03-26T01:03:19.859+0300][gc,phases   ] GC(0)   Evacuate Collection Set: 2.2ms
[2022-03-26T01:03:19.859+0300][gc,phases   ] GC(0)   Post Evacuate Collection Set: 0.2ms
[2022-03-26T01:03:19.859+0300][gc,phases   ] GC(0)   Other: 0.2ms
[2022-03-26T01:03:19.859+0300][gc,heap     ] GC(0) Eden regions: 51->0(44)
[2022-03-26T01:03:19.859+0300][gc,heap     ] GC(0) Survivor regions: 0->7(7)
[2022-03-26T01:03:19.859+0300][gc,heap     ] GC(0) Old regions: 0->0
[2022-03-26T01:03:19.859+0300][gc,heap     ] GC(0) Archive regions: 2->2
[2022-03-26T01:03:19.859+0300][gc,heap     ] GC(0) Humongous regions: 0->0
[2022-03-26T01:03:19.859+0300][gc,metaspace] GC(0) Metaspace: 18366K(18560K)->18366K(18560K) NonClass: 16164K(16256K)->16164K(16256K) Class: 2201K(2304K)->2201K(2304K)
[2022-03-26T01:03:19.859+0300][gc          ] GC(0) Pause Young (Normal) (G1 Evacuation Pause) 51M->7M(1024M) 2.804ms
[2022-03-26T01:03:19.859+0300][gc,cpu      ] GC(0) User=0.01s Sys=0.00s Real=0.00s
[2022-03-26T01:03:19.970+0300][gc,start    ] GC(1) Pause Young (Concurrent Start) (Metadata GC Threshold)
[2022-03-26T01:03:19.970+0300][gc,task     ] GC(1) Using 8 workers of 8 for evacuation
[2022-03-26T01:03:19.973+0300][gc,phases   ] GC(1)   Pre Evacuate Collection Set: 0.1ms
[2022-03-26T01:03:19.973+0300][gc,phases   ] GC(1)   Merge Heap Roots: 0.0ms
[2022-03-26T01:03:19.973+0300][gc,phases   ] GC(1)   Evacuate Collection Set: 2.9ms
[2022-03-26T01:03:19.973+0300][gc,phases   ] GC(1)   Post Evacuate Collection Set: 0.2ms
[2022-03-26T01:03:19.973+0300][gc,phases   ] GC(1)   Other: 0.1ms
[2022-03-26T01:03:19.973+0300][gc,heap     ] GC(1) Eden regions: 12->0(49)
[2022-03-26T01:03:19.973+0300][gc,heap     ] GC(1) Survivor regions: 7->2(7)
[2022-03-26T01:03:19.973+0300][gc,heap     ] GC(1) Old regions: 0->7
[2022-03-26T01:03:19.973+0300][gc,heap     ] GC(1) Archive regions: 2->2
[2022-03-26T01:03:19.973+0300][gc,heap     ] GC(1) Humongous regions: 0->0
[2022-03-26T01:03:19.973+0300][gc,metaspace] GC(1) Metaspace: 21290K(21504K)->21290K(21504K) NonClass: 18700K(18816K)->18700K(18816K) Class: 2590K(2688K)->2590K(2688K)
[2022-03-26T01:03:19.973+0300][gc          ] GC(1) Pause Young (Concurrent Start) (Metadata GC Threshold) 19M->8M(1024M) 3.376ms
[2022-03-26T01:03:19.973+0300][gc,cpu      ] GC(1) User=0.02s Sys=0.01s Real=0.00s
[2022-03-26T01:03:19.973+0300][gc          ] GC(2) Concurrent Mark Cycle
[2022-03-26T01:03:19.973+0300][gc,marking  ] GC(2) Concurrent Clear Claimed Marks
[2022-03-26T01:03:19.973+0300][gc,marking  ] GC(2) Concurrent Clear Claimed Marks 0.014ms
[2022-03-26T01:03:19.973+0300][gc,marking  ] GC(2) Concurrent Scan Root Regions
[2022-03-26T01:03:19.975+0300][gc,marking  ] GC(2) Concurrent Scan Root Regions 1.604ms
[2022-03-26T01:03:19.975+0300][gc,marking  ] GC(2) Concurrent Mark
[2022-03-26T01:03:19.975+0300][gc,marking  ] GC(2) Concurrent Mark From Roots
[2022-03-26T01:03:19.975+0300][gc,task     ] GC(2) Using 2 workers of 2 for marking
[2022-03-26T01:03:19.975+0300][gc,marking  ] GC(2) Concurrent Mark From Roots 0.563ms
[2022-03-26T01:03:19.975+0300][gc,marking  ] GC(2) Concurrent Preclean
[2022-03-26T01:03:19.975+0300][gc,marking  ] GC(2) Concurrent Preclean 0.013ms
[2022-03-26T01:03:19.975+0300][gc,start    ] GC(2) Pause Remark
[2022-03-26T01:03:19.976+0300][gc          ] GC(2) Pause Remark 9M->9M(1024M) 0.954ms
[2022-03-26T01:03:19.976+0300][gc,cpu      ] GC(2) User=0.00s Sys=0.00s Real=0.00s
[2022-03-26T01:03:19.976+0300][gc,marking  ] GC(2) Concurrent Mark 1.624ms
[2022-03-26T01:03:19.976+0300][gc,marking  ] GC(2) Concurrent Rebuild Remembered Sets
[2022-03-26T01:03:19.976+0300][gc,marking  ] GC(2) Concurrent Rebuild Remembered Sets 0.003ms
[2022-03-26T01:03:19.976+0300][gc,start    ] GC(2) Pause Cleanup
[2022-03-26T01:03:19.976+0300][gc          ] GC(2) Pause Cleanup 9M->9M(1024M) 0.011ms
[2022-03-26T01:03:19.976+0300][gc,cpu      ] GC(2) User=0.00s Sys=0.00s Real=0.00s
[2022-03-26T01:03:19.976+0300][gc,marking  ] GC(2) Concurrent Cleanup for Next Mark
[2022-03-26T01:03:19.978+0300][gc,marking  ] GC(2) Concurrent Cleanup for Next Mark 1.610ms
[2022-03-26T01:03:19.978+0300][gc          ] GC(2) Concurrent Mark Cycle 5.010ms
[2022-03-26T01:03:21.446+0300][gc,start    ] GC(3) Pause Young (Normal) (G1 Evacuation Pause)
[2022-03-26T01:03:21.446+0300][gc,task     ] GC(3) Using 8 workers of 8 for evacuation
[2022-03-26T01:03:21.448+0300][gc,phases   ] GC(3)   Pre Evacuate Collection Set: 0.1ms
[2022-03-26T01:03:21.448+0300][gc,phases   ] GC(3)   Merge Heap Roots: 0.0ms
[2022-03-26T01:03:21.448+0300][gc,phases   ] GC(3)   Evacuate Collection Set: 1.7ms
[2022-03-26T01:03:21.448+0300][gc,phases   ] GC(3)   Post Evacuate Collection Set: 0.2ms
[2022-03-26T01:03:21.448+0300][gc,phases   ] GC(3)   Other: 0.5ms
[2022-03-26T01:03:21.448+0300][gc,heap     ] GC(3) Eden regions: 49->0(45)
[2022-03-26T01:03:21.448+0300][gc,heap     ] GC(3) Survivor regions: 2->6(7)
[2022-03-26T01:03:21.448+0300][gc,heap     ] GC(3) Old regions: 7->7
[2022-03-26T01:03:21.448+0300][gc,heap     ] GC(3) Archive regions: 2->2
[2022-03-26T01:03:21.448+0300][gc,heap     ] GC(3) Humongous regions: 129->129
[2022-03-26T01:03:21.448+0300][gc,metaspace] GC(3) Metaspace: 30866K(31168K)->30866K(31168K) NonClass: 27311K(27520K)->27311K(27520K) Class: 3555K(3648K)->3555K(3648K)
[2022-03-26T01:03:21.448+0300][gc          ] GC(3) Pause Young (Normal) (G1 Evacuation Pause) 186M->142M(1024M) 2.540ms
[2022-03-26T01:03:21.448+0300][gc,cpu      ] GC(3) User=0.01s Sys=0.00s Real=0.00s
[2022-03-26T01:03:21.558+0300][gc,start    ] GC(4) Pause Young (Concurrent Start) (Metadata GC Threshold)
[2022-03-26T01:03:21.558+0300][gc,task     ] GC(4) Using 8 workers of 8 for evacuation
[2022-03-26T01:03:21.561+0300][gc,phases   ] GC(4)   Pre Evacuate Collection Set: 0.1ms
[2022-03-26T01:03:21.561+0300][gc,phases   ] GC(4)   Merge Heap Roots: 0.0ms
[2022-03-26T01:03:21.561+0300][gc,phases   ] GC(4)   Evacuate Collection Set: 2.5ms
[2022-03-26T01:03:21.561+0300][gc,phases   ] GC(4)   Post Evacuate Collection Set: 0.2ms
[2022-03-26T01:03:21.561+0300][gc,phases   ] GC(4)   Other: 0.1ms
[2022-03-26T01:03:21.561+0300][gc,heap     ] GC(4) Eden regions: 20->0(49)
[2022-03-26T01:03:21.561+0300][gc,heap     ] GC(4) Survivor regions: 6->2(7)
[2022-03-26T01:03:21.561+0300][gc,heap     ] GC(4) Old regions: 7->13
[2022-03-26T01:03:21.561+0300][gc,heap     ] GC(4) Archive regions: 2->2
[2022-03-26T01:03:21.561+0300][gc,heap     ] GC(4) Humongous regions: 129->129
[2022-03-26T01:03:21.561+0300][gc,metaspace] GC(4) Metaspace: 35703K(35968K)->35703K(35968K) NonClass: 31601K(31744K)->31601K(31744K) Class: 4101K(4224K)->4101K(4224K)
[2022-03-26T01:03:21.561+0300][gc          ] GC(4) Pause Young (Concurrent Start) (Metadata GC Threshold) 162M->143M(1024M) 2.941ms
[2022-03-26T01:03:21.561+0300][gc,cpu      ] GC(4) User=0.01s Sys=0.00s Real=0.01s
[2022-03-26T01:03:21.561+0300][gc          ] GC(5) Concurrent Mark Cycle
[2022-03-26T01:03:21.561+0300][gc,marking  ] GC(5) Concurrent Clear Claimed Marks
[2022-03-26T01:03:21.561+0300][gc,marking  ] GC(5) Concurrent Clear Claimed Marks 0.024ms
[2022-03-26T01:03:21.561+0300][gc,marking  ] GC(5) Concurrent Scan Root Regions
[2022-03-26T01:03:21.563+0300][gc,marking  ] GC(5) Concurrent Scan Root Regions 2.001ms
[2022-03-26T01:03:21.563+0300][gc,marking  ] GC(5) Concurrent Mark
[2022-03-26T01:03:21.563+0300][gc,marking  ] GC(5) Concurrent Mark From Roots
[2022-03-26T01:03:21.563+0300][gc,task     ] GC(5) Using 2 workers of 2 for marking
[2022-03-26T01:03:21.566+0300][gc,marking  ] GC(5) Concurrent Mark From Roots 3.224ms
[2022-03-26T01:03:21.582+0300][gc,marking  ] GC(5) Concurrent Preclean
[2022-03-26T01:03:21.582+0300][gc,marking  ] GC(5) Concurrent Preclean 0.168ms
[2022-03-26T01:03:21.582+0300][gc,start    ] GC(5) Pause Remark
[2022-03-26T01:03:21.584+0300][gc          ] GC(5) Pause Remark 146M->146M(1024M) 1.441ms
[2022-03-26T01:03:21.584+0300][gc,cpu      ] GC(5) User=0.01s Sys=0.00s Real=0.00s
[2022-03-26T01:03:21.584+0300][gc,marking  ] GC(5) Concurrent Mark 21.258ms
[2022-03-26T01:03:21.584+0300][gc,marking  ] GC(5) Concurrent Rebuild Remembered Sets
[2022-03-26T01:03:21.587+0300][gc,marking  ] GC(5) Concurrent Rebuild Remembered Sets 3.019ms
[2022-03-26T01:03:21.587+0300][gc,start    ] GC(5) Pause Cleanup
[2022-03-26T01:03:21.587+0300][gc          ] GC(5) Pause Cleanup 146M->146M(1024M) 0.155ms
[2022-03-26T01:03:21.587+0300][gc,cpu      ] GC(5) User=0.00s Sys=0.00s Real=0.00s
[2022-03-26T01:03:21.587+0300][gc,marking  ] GC(5) Concurrent Cleanup for Next Mark
[2022-03-26T01:03:21.589+0300][gc,marking  ] GC(5) Concurrent Cleanup for Next Mark 1.444ms
[2022-03-26T01:03:21.589+0300][gc          ] GC(5) Concurrent Mark Cycle 28.110ms
[2022-03-26T01:14:50.138+0300][gc,start    ] GC(6) Pause Young (Concurrent Start) (G1 Evacuation Pause)
[2022-03-26T01:14:50.139+0300][gc,task     ] GC(6) Using 8 workers of 8 for evacuation
[2022-03-26T01:14:50.170+0300][gc,mmu      ] GC(6) MMU target violated: 21.0ms (20.0ms/21.0ms)
[2022-03-26T01:14:50.170+0300][gc,phases   ] GC(6)   Pre Evacuate Collection Set: 0.9ms
[2022-03-26T01:14:50.170+0300][gc,phases   ] GC(6)   Merge Heap Roots: 0.2ms
[2022-03-26T01:14:50.170+0300][gc,phases   ] GC(6)   Evacuate Collection Set: 28.8ms
[2022-03-26T01:14:50.170+0300][gc,phases   ] GC(6)   Post Evacuate Collection Set: 1.1ms
[2022-03-26T01:14:50.170+0300][gc,phases   ] GC(6)   Other: 1.6ms
[2022-03-26T01:14:50.170+0300][gc,heap     ] GC(6) Eden regions: 49->0(46)
[2022-03-26T01:14:50.170+0300][gc,heap     ] GC(6) Survivor regions: 2->5(7)
[2022-03-26T01:14:50.170+0300][gc,heap     ] GC(6) Old regions: 13->13
[2022-03-26T01:14:50.170+0300][gc,heap     ] GC(6) Archive regions: 2->2
[2022-03-26T01:14:50.170+0300][gc,heap     ] GC(6) Humongous regions: 135->129
[2022-03-26T01:14:50.170+0300][gc,metaspace] GC(6) Metaspace: 40344K(40896K)->40344K(40896K) NonClass: 35542K(35840K)->35542K(35840K) Class: 4801K(5056K)->4801K(5056K)
[2022-03-26T01:14:50.170+0300][gc          ] GC(6) Pause Young (Concurrent Start) (G1 Evacuation Pause) 198M->146M(1024M) 32.786ms
[2022-03-26T01:14:50.170+0300][gc,cpu      ] GC(6) User=0.03s Sys=0.04s Real=0.04s
[2022-03-26T01:14:50.170+0300][gc          ] GC(7) Concurrent Mark Cycle
[2022-03-26T01:14:50.170+0300][gc,marking  ] GC(7) Concurrent Clear Claimed Marks
[2022-03-26T01:14:50.170+0300][gc,marking  ] GC(7) Concurrent Clear Claimed Marks 0.121ms
[2022-03-26T01:14:50.171+0300][gc,marking  ] GC(7) Concurrent Scan Root Regions
[2022-03-26T01:14:50.182+0300][gc,marking  ] GC(7) Concurrent Scan Root Regions 11.283ms
[2022-03-26T01:14:50.182+0300][gc,marking  ] GC(7) Concurrent Mark
[2022-03-26T01:14:50.182+0300][gc,marking  ] GC(7) Concurrent Mark From Roots
[2022-03-26T01:14:50.182+0300][gc,task     ] GC(7) Using 2 workers of 2 for marking
[2022-03-26T01:14:50.195+0300][gc,marking  ] GC(7) Concurrent Mark From Roots 12.736ms
[2022-03-26T01:14:50.195+0300][gc,marking  ] GC(7) Concurrent Preclean
[2022-03-26T01:14:50.195+0300][gc,marking  ] GC(7) Concurrent Preclean 0.095ms
[2022-03-26T01:14:50.195+0300][gc,start    ] GC(7) Pause Remark
[2022-03-26T01:14:50.201+0300][gc          ] GC(7) Pause Remark 147M->147M(1024M) 6.129ms
[2022-03-26T01:14:50.201+0300][gc,cpu      ] GC(7) User=0.01s Sys=0.01s Real=0.01s
[2022-03-26T01:14:50.201+0300][gc,marking  ] GC(7) Concurrent Mark 19.234ms
[2022-03-26T01:14:50.201+0300][gc,marking  ] GC(7) Concurrent Rebuild Remembered Sets
[2022-03-26T01:14:50.207+0300][gc,marking  ] GC(7) Concurrent Rebuild Remembered Sets 5.369ms
[2022-03-26T01:14:50.207+0300][gc,start    ] GC(7) Pause Cleanup
[2022-03-26T01:14:50.207+0300][gc          ] GC(7) Pause Cleanup 147M->147M(1024M) 0.124ms
[2022-03-26T01:14:50.207+0300][gc,cpu      ] GC(7) User=0.00s Sys=0.00s Real=0.00s
[2022-03-26T01:14:50.207+0300][gc,marking  ] GC(7) Concurrent Cleanup for Next Mark
[2022-03-26T01:14:50.215+0300][gc,marking  ] GC(7) Concurrent Cleanup for Next Mark 7.943ms
[2022-03-26T01:14:50.215+0300][gc          ] GC(7) Concurrent Mark Cycle 44.439ms
[2022-03-26T01:25:16.533+0300][gc,start    ] GC(8) Pause Young (Normal) (G1 Evacuation Pause)
[2022-03-26T01:25:16.535+0300][gc,task     ] GC(8) Using 8 workers of 8 for evacuation
[2022-03-26T01:25:16.563+0300][gc,mmu      ] GC(8) MMU target violated: 21.0ms (20.0ms/21.0ms)
[2022-03-26T01:25:16.563+0300][gc,phases   ] GC(8)   Pre Evacuate Collection Set: 1.0ms
[2022-03-26T01:25:16.563+0300][gc,phases   ] GC(8)   Merge Heap Roots: 0.1ms
[2022-03-26T01:25:16.563+0300][gc,phases   ] GC(8)   Evacuate Collection Set: 26.4ms
[2022-03-26T01:25:16.563+0300][gc,phases   ] GC(8)   Post Evacuate Collection Set: 0.6ms
[2022-03-26T01:25:16.563+0300][gc,phases   ] GC(8)   Other: 1.7ms
[2022-03-26T01:25:16.563+0300][gc,heap     ] GC(8) Eden regions: 46->0(47)
[2022-03-26T01:25:16.563+0300][gc,heap     ] GC(8) Survivor regions: 5->4(7)
[2022-03-26T01:25:16.563+0300][gc,heap     ] GC(8) Old regions: 13->14
[2022-03-26T01:25:16.563+0300][gc,heap     ] GC(8) Archive regions: 2->2
[2022-03-26T01:25:16.563+0300][gc,heap     ] GC(8) Humongous regions: 129->129
[2022-03-26T01:25:16.563+0300][gc,metaspace] GC(8) Metaspace: 41217K(41856K)->41217K(41856K) NonClass: 36258K(36608K)->36258K(36608K) Class: 4959K(5248K)->4959K(5248K)
[2022-03-26T01:25:16.563+0300][gc          ] GC(8) Pause Young (Normal) (G1 Evacuation Pause) 192M->146M(1024M) 29.932ms
[2022-03-26T01:25:16.563+0300][gc,cpu      ] GC(8) User=0.03s Sys=0.02s Real=0.03s
[2022-03-26T01:28:15.207+0300][gc,heap,exit] Heap
[2022-03-26T01:28:15.208+0300][gc,heap,exit]  garbage-first heap   total 1048576K, used 175410K [0x00000007c0000000, 0x0000000800000000)
[2022-03-26T01:28:15.208+0300][gc,heap,exit]   region size 1024K, 29 young (29696K), 4 survivors (4096K)
[2022-03-26T01:28:15.208+0300][gc,heap,exit]  Metaspace       used 41934K, committed 42624K, reserved 1089536K
[2022-03-26T01:28:15.208+0300][gc,heap,exit]   class space    used 5133K, committed 5440K, reserved 1048576K
