[2022-03-26T00:57:30.275+0300][gc] Using G1
[2022-03-26T00:57:30.276+0300][gc,init] Version: 17.0.1+12-LTS-39 (release)
[2022-03-26T00:57:30.276+0300][gc,init] CPUs: 8 total, 8 available
[2022-03-26T00:57:30.276+0300][gc,init] Memory: 16384M
[2022-03-26T00:57:30.276+0300][gc,init] Large Page Support: Disabled
[2022-03-26T00:57:30.276+0300][gc,init] NUMA Support: Disabled
[2022-03-26T00:57:30.276+0300][gc,init] Compressed Oops: Enabled (Zero based)
[2022-03-26T00:57:30.276+0300][gc,init] Heap Region Size: 1M
[2022-03-26T00:57:30.276+0300][gc,init] Heap Min Capacity: 1G
[2022-03-26T00:57:30.276+0300][gc,init] Heap Initial Capacity: 1G
[2022-03-26T00:57:30.276+0300][gc,init] Heap Max Capacity: 1G
[2022-03-26T00:57:30.276+0300][gc,init] Pre-touch: Disabled
[2022-03-26T00:57:30.276+0300][gc,init] Parallel Workers: 8
[2022-03-26T00:57:30.276+0300][gc,init] Concurrent Workers: 2
[2022-03-26T00:57:30.276+0300][gc,init] Concurrent Refinement Workers: 8
[2022-03-26T00:57:30.276+0300][gc,init] Periodic GC: Disabled
[2022-03-26T00:57:30.276+0300][gc,metaspace] CDS archive(s) mapped at: [0x0000000800000000-0x0000000800bd4000-0x0000000800bd4000), size 12402688, SharedBaseAddress: 0x0000000800000000, ArchiveRelocationMode: 0.
[2022-03-26T00:57:30.276+0300][gc,metaspace] Compressed class space mapped at: 0x0000000800c00000-0x0000000840c00000, reserved size: 1073741824
[2022-03-26T00:57:30.276+0300][gc,metaspace] Narrow klass base: 0x0000000800000000, Narrow klass shift: 0, Narrow klass range: 0x100000000
[2022-03-26T00:57:36.278+0300][gc,start    ] GC(0) Pause Young (Normal) (G1 Evacuation Pause)
[2022-03-26T00:57:36.278+0300][gc,task     ] GC(0) Using 8 workers of 8 for evacuation
[2022-03-26T00:57:36.284+0300][gc,phases   ] GC(0)   Pre Evacuate Collection Set: 0.1ms
[2022-03-26T00:57:36.284+0300][gc,phases   ] GC(0)   Merge Heap Roots: 0.0ms
[2022-03-26T00:57:36.284+0300][gc,phases   ] GC(0)   Evacuate Collection Set: 5.1ms
[2022-03-26T00:57:36.284+0300][gc,phases   ] GC(0)   Post Evacuate Collection Set: 0.3ms
[2022-03-26T00:57:36.284+0300][gc,phases   ] GC(0)   Other: 0.2ms
[2022-03-26T00:57:36.284+0300][gc,heap     ] GC(0) Eden regions: 51->0(44)
[2022-03-26T00:57:36.284+0300][gc,heap     ] GC(0) Survivor regions: 0->7(7)
[2022-03-26T00:57:36.284+0300][gc,heap     ] GC(0) Old regions: 0->1
[2022-03-26T00:57:36.284+0300][gc,heap     ] GC(0) Archive regions: 2->2
[2022-03-26T00:57:36.284+0300][gc,heap     ] GC(0) Humongous regions: 0->0
[2022-03-26T00:57:36.284+0300][gc,metaspace] GC(0) Metaspace: 18153K(18304K)->18153K(18304K) NonClass: 15978K(16064K)->15978K(16064K) Class: 2175K(2240K)->2175K(2240K)
[2022-03-26T00:57:36.284+0300][gc          ] GC(0) Pause Young (Normal) (G1 Evacuation Pause) 51M->8M(1024M) 5.915ms
[2022-03-26T00:57:36.284+0300][gc,cpu      ] GC(0) User=0.01s Sys=0.01s Real=0.01s
[2022-03-26T00:57:36.504+0300][gc,start    ] GC(1) Pause Young (Concurrent Start) (Metadata GC Threshold)
[2022-03-26T00:57:36.504+0300][gc,task     ] GC(1) Using 8 workers of 8 for evacuation
[2022-03-26T00:57:36.507+0300][gc,phases   ] GC(1)   Pre Evacuate Collection Set: 0.2ms
[2022-03-26T00:57:36.507+0300][gc,phases   ] GC(1)   Merge Heap Roots: 0.1ms
[2022-03-26T00:57:36.507+0300][gc,phases   ] GC(1)   Evacuate Collection Set: 3.0ms
[2022-03-26T00:57:36.507+0300][gc,phases   ] GC(1)   Post Evacuate Collection Set: 0.3ms
[2022-03-26T00:57:36.507+0300][gc,phases   ] GC(1)   Other: 0.1ms
[2022-03-26T00:57:36.507+0300][gc,heap     ] GC(1) Eden regions: 14->0(49)
[2022-03-26T00:57:36.507+0300][gc,heap     ] GC(1) Survivor regions: 7->2(7)
[2022-03-26T00:57:36.507+0300][gc,heap     ] GC(1) Old regions: 1->8
[2022-03-26T00:57:36.507+0300][gc,heap     ] GC(1) Archive regions: 2->2
[2022-03-26T00:57:36.507+0300][gc,heap     ] GC(1) Humongous regions: 129->129
[2022-03-26T00:57:36.507+0300][gc,metaspace] GC(1) Metaspace: 21276K(21504K)->21276K(21504K) NonClass: 18688K(18816K)->18688K(18816K) Class: 2588K(2688K)->2588K(2688K)
[2022-03-26T00:57:36.507+0300][gc          ] GC(1) Pause Young (Concurrent Start) (Metadata GC Threshold) 150M->138M(1024M) 3.675ms
[2022-03-26T00:57:36.507+0300][gc,cpu      ] GC(1) User=0.02s Sys=0.00s Real=0.00s
[2022-03-26T00:57:36.507+0300][gc          ] GC(2) Concurrent Mark Cycle
[2022-03-26T00:57:36.507+0300][gc,marking  ] GC(2) Concurrent Clear Claimed Marks
[2022-03-26T00:57:36.507+0300][gc,marking  ] GC(2) Concurrent Clear Claimed Marks 0.014ms
[2022-03-26T00:57:36.507+0300][gc,marking  ] GC(2) Concurrent Scan Root Regions
[2022-03-26T00:57:36.509+0300][gc,marking  ] GC(2) Concurrent Scan Root Regions 1.359ms
[2022-03-26T00:57:36.509+0300][gc,marking  ] GC(2) Concurrent Mark
[2022-03-26T00:57:36.509+0300][gc,marking  ] GC(2) Concurrent Mark From Roots
[2022-03-26T00:57:36.509+0300][gc,task     ] GC(2) Using 2 workers of 2 for marking
[2022-03-26T00:57:36.510+0300][gc,marking  ] GC(2) Concurrent Mark From Roots 0.943ms
[2022-03-26T00:57:36.510+0300][gc,marking  ] GC(2) Concurrent Preclean
[2022-03-26T00:57:36.510+0300][gc,marking  ] GC(2) Concurrent Preclean 0.014ms
[2022-03-26T00:57:36.510+0300][gc,start    ] GC(2) Pause Remark
[2022-03-26T00:57:36.511+0300][gc          ] GC(2) Pause Remark 139M->139M(1024M) 0.916ms
[2022-03-26T00:57:36.511+0300][gc,cpu      ] GC(2) User=0.00s Sys=0.00s Real=0.00s
[2022-03-26T00:57:36.511+0300][gc,marking  ] GC(2) Concurrent Mark 2.048ms
[2022-03-26T00:57:36.511+0300][gc,marking  ] GC(2) Concurrent Rebuild Remembered Sets
[2022-03-26T00:57:36.512+0300][gc,marking  ] GC(2) Concurrent Rebuild Remembered Sets 1.523ms
[2022-03-26T00:57:36.512+0300][gc,start    ] GC(2) Pause Cleanup
[2022-03-26T00:57:36.512+0300][gc          ] GC(2) Pause Cleanup 139M->139M(1024M) 0.094ms
[2022-03-26T00:57:36.512+0300][gc,cpu      ] GC(2) User=0.00s Sys=0.00s Real=0.00s
[2022-03-26T00:57:36.512+0300][gc,marking  ] GC(2) Concurrent Cleanup for Next Mark
[2022-03-26T00:57:36.514+0300][gc,marking  ] GC(2) Concurrent Cleanup for Next Mark 1.264ms
[2022-03-26T00:57:36.514+0300][gc          ] GC(2) Concurrent Mark Cycle 6.510ms
[2022-03-26T00:57:36.929+0300][gc,start    ] GC(3) Pause Young (Normal) (G1 Evacuation Pause)
[2022-03-26T00:57:36.929+0300][gc,task     ] GC(3) Using 8 workers of 8 for evacuation
[2022-03-26T00:57:36.932+0300][gc,phases   ] GC(3)   Pre Evacuate Collection Set: 0.1ms
[2022-03-26T00:57:36.932+0300][gc,phases   ] GC(3)   Merge Heap Roots: 0.1ms
[2022-03-26T00:57:36.932+0300][gc,phases   ] GC(3)   Evacuate Collection Set: 2.4ms
[2022-03-26T00:57:36.932+0300][gc,phases   ] GC(3)   Post Evacuate Collection Set: 0.2ms
[2022-03-26T00:57:36.932+0300][gc,phases   ] GC(3)   Other: 0.1ms
[2022-03-26T00:57:36.932+0300][gc,heap     ] GC(3) Eden regions: 49->0(45)
[2022-03-26T00:57:36.932+0300][gc,heap     ] GC(3) Survivor regions: 2->6(7)
[2022-03-26T00:57:36.932+0300][gc,heap     ] GC(3) Old regions: 8->8
[2022-03-26T00:57:36.932+0300][gc,heap     ] GC(3) Archive regions: 2->2
[2022-03-26T00:57:36.932+0300][gc,heap     ] GC(3) Humongous regions: 129->129
[2022-03-26T00:57:36.932+0300][gc,metaspace] GC(3) Metaspace: 32614K(32896K)->32614K(32896K) NonClass: 28912K(29056K)->28912K(29056K) Class: 3701K(3840K)->3701K(3840K)
[2022-03-26T00:57:36.932+0300][gc          ] GC(3) Pause Young (Normal) (G1 Evacuation Pause) 187M->142M(1024M) 2.946ms
[2022-03-26T00:57:36.932+0300][gc,cpu      ] GC(3) User=0.02s Sys=0.00s Real=0.01s
[2022-03-26T00:58:27.873+0300][gc,start    ] GC(4) Pause Young (Concurrent Start) (Metadata GC Threshold)
[2022-03-26T00:58:27.873+0300][gc,task     ] GC(4) Using 8 workers of 8 for evacuation
[2022-03-26T00:58:27.876+0300][gc,phases   ] GC(4)   Pre Evacuate Collection Set: 0.2ms
[2022-03-26T00:58:27.876+0300][gc,phases   ] GC(4)   Merge Heap Roots: 0.0ms
[2022-03-26T00:58:27.876+0300][gc,phases   ] GC(4)   Evacuate Collection Set: 2.9ms
[2022-03-26T00:58:27.876+0300][gc,phases   ] GC(4)   Post Evacuate Collection Set: 0.2ms
[2022-03-26T00:58:27.876+0300][gc,phases   ] GC(4)   Other: 0.2ms
[2022-03-26T00:58:27.876+0300][gc,heap     ] GC(4) Eden regions: 16->0(49)
[2022-03-26T00:58:27.876+0300][gc,heap     ] GC(4) Survivor regions: 6->2(7)
[2022-03-26T00:58:27.876+0300][gc,heap     ] GC(4) Old regions: 8->13
[2022-03-26T00:58:27.876+0300][gc,heap     ] GC(4) Archive regions: 2->2
[2022-03-26T00:58:27.876+0300][gc,heap     ] GC(4) Humongous regions: 129->129
[2022-03-26T00:58:27.876+0300][gc,metaspace] GC(4) Metaspace: 35774K(36096K)->35774K(36096K) NonClass: 31514K(31680K)->31514K(31680K) Class: 4260K(4416K)->4260K(4416K)
[2022-03-26T00:58:27.876+0300][gc          ] GC(4) Pause Young (Concurrent Start) (Metadata GC Threshold) 158M->144M(1024M) 3.718ms
[2022-03-26T00:58:27.876+0300][gc,cpu      ] GC(4) User=0.02s Sys=0.00s Real=0.00s
[2022-03-26T00:58:27.876+0300][gc          ] GC(5) Concurrent Mark Cycle
[2022-03-26T00:58:27.876+0300][gc,marking  ] GC(5) Concurrent Clear Claimed Marks
[2022-03-26T00:58:27.876+0300][gc,marking  ] GC(5) Concurrent Clear Claimed Marks 0.030ms
[2022-03-26T00:58:27.876+0300][gc,marking  ] GC(5) Concurrent Scan Root Regions
[2022-03-26T00:58:27.879+0300][gc,marking  ] GC(5) Concurrent Scan Root Regions 2.793ms
[2022-03-26T00:58:27.879+0300][gc,marking  ] GC(5) Concurrent Mark
[2022-03-26T00:58:27.879+0300][gc,marking  ] GC(5) Concurrent Mark From Roots
[2022-03-26T00:58:27.879+0300][gc,task     ] GC(5) Using 2 workers of 2 for marking
[2022-03-26T00:58:27.883+0300][gc,marking  ] GC(5) Concurrent Mark From Roots 3.909ms
[2022-03-26T00:58:27.883+0300][gc,marking  ] GC(5) Concurrent Preclean
[2022-03-26T00:58:27.883+0300][gc,marking  ] GC(5) Concurrent Preclean 0.037ms
[2022-03-26T00:58:27.883+0300][gc,start    ] GC(5) Pause Remark
[2022-03-26T00:58:27.884+0300][gc          ] GC(5) Pause Remark 144M->144M(1024M) 1.092ms
[2022-03-26T00:58:27.884+0300][gc,cpu      ] GC(5) User=0.00s Sys=0.00s Real=0.00s
[2022-03-26T00:58:27.884+0300][gc,marking  ] GC(5) Concurrent Mark 5.177ms
[2022-03-26T00:58:27.884+0300][gc,marking  ] GC(5) Concurrent Rebuild Remembered Sets
[2022-03-26T00:58:27.887+0300][gc,marking  ] GC(5) Concurrent Rebuild Remembered Sets 2.733ms
[2022-03-26T00:58:27.887+0300][gc,start    ] GC(5) Pause Cleanup
[2022-03-26T00:58:27.887+0300][gc          ] GC(5) Pause Cleanup 145M->145M(1024M) 0.070ms
[2022-03-26T00:58:27.887+0300][gc,cpu      ] GC(5) User=0.00s Sys=0.00s Real=0.00s
[2022-03-26T00:58:27.887+0300][gc,marking  ] GC(5) Concurrent Cleanup for Next Mark
[2022-03-26T00:58:27.889+0300][gc,marking  ] GC(5) Concurrent Cleanup for Next Mark 1.424ms
[2022-03-26T00:58:27.889+0300][gc          ] GC(5) Concurrent Mark Cycle 12.445ms
[2022-03-26T01:01:45.384+0300][gc,heap,exit] Heap
[2022-03-26T01:01:45.384+0300][gc,heap,exit]  garbage-first heap   total 1048576K, used 196810K [0x00000007c0000000, 0x0000000800000000)
[2022-03-26T01:01:45.384+0300][gc,heap,exit]   region size 1024K, 51 young (52224K), 2 survivors (2048K)
[2022-03-26T01:01:45.384+0300][gc,heap,exit]  Metaspace       used 40663K, committed 41216K, reserved 1089536K
[2022-03-26T01:01:45.384+0300][gc,heap,exit]   class space    used 5053K, committed 5312K, reserved 1048576K
