[2022-03-26T00:57:08.694+0300][gc] Using G1
[2022-03-26T00:57:08.695+0300][gc,init] Version: 17.0.1+12-LTS-39 (release)
[2022-03-26T00:57:08.695+0300][gc,init] CPUs: 8 total, 8 available
[2022-03-26T00:57:08.695+0300][gc,init] Memory: 16384M
[2022-03-26T00:57:08.695+0300][gc,init] Large Page Support: Disabled
[2022-03-26T00:57:08.695+0300][gc,init] NUMA Support: Disabled
[2022-03-26T00:57:08.695+0300][gc,init] Compressed Oops: Enabled (Zero based)
[2022-03-26T00:57:08.695+0300][gc,init] Heap Region Size: 1M
[2022-03-26T00:57:08.695+0300][gc,init] Heap Min Capacity: 512M
[2022-03-26T00:57:08.695+0300][gc,init] Heap Initial Capacity: 512M
[2022-03-26T00:57:08.695+0300][gc,init] Heap Max Capacity: 512M
[2022-03-26T00:57:08.695+0300][gc,init] Pre-touch: Disabled
[2022-03-26T00:57:08.695+0300][gc,init] Parallel Workers: 8
[2022-03-26T00:57:08.695+0300][gc,init] Concurrent Workers: 2
[2022-03-26T00:57:08.695+0300][gc,init] Concurrent Refinement Workers: 8
[2022-03-26T00:57:08.695+0300][gc,init] Periodic GC: Disabled
[2022-03-26T00:57:08.695+0300][gc,metaspace] CDS archive(s) mapped at: [0x0000000800000000-0x0000000800bd4000-0x0000000800bd4000), size 12402688, SharedBaseAddress: 0x0000000800000000, ArchiveRelocationMode: 0.
[2022-03-26T00:57:08.695+0300][gc,metaspace] Compressed class space mapped at: 0x0000000800c00000-0x0000000840c00000, reserved size: 1073741824
[2022-03-26T00:57:08.695+0300][gc,metaspace] Narrow klass base: 0x0000000800000000, Narrow klass shift: 0, Narrow klass range: 0x100000000
[2022-03-26T00:57:35.795+0300][gc,start    ] GC(0) Pause Young (Normal) (G1 Evacuation Pause)
[2022-03-26T00:57:35.795+0300][gc,task     ] GC(0) Using 8 workers of 8 for evacuation
[2022-03-26T00:57:35.801+0300][gc,phases   ] GC(0)   Pre Evacuate Collection Set: 0.3ms
[2022-03-26T00:57:35.801+0300][gc,phases   ] GC(0)   Merge Heap Roots: 0.0ms
[2022-03-26T00:57:35.801+0300][gc,phases   ] GC(0)   Evacuate Collection Set: 4.2ms
[2022-03-26T00:57:35.801+0300][gc,phases   ] GC(0)   Post Evacuate Collection Set: 0.2ms
[2022-03-26T00:57:35.801+0300][gc,phases   ] GC(0)   Other: 1.2ms
[2022-03-26T00:57:35.801+0300][gc,heap     ] GC(0) Eden regions: 25->0(21)
[2022-03-26T00:57:35.801+0300][gc,heap     ] GC(0) Survivor regions: 0->4(4)
[2022-03-26T00:57:35.801+0300][gc,heap     ] GC(0) Old regions: 0->3
[2022-03-26T00:57:35.801+0300][gc,heap     ] GC(0) Archive regions: 2->2
[2022-03-26T00:57:35.801+0300][gc,heap     ] GC(0) Humongous regions: 0->0
[2022-03-26T00:57:35.801+0300][gc,metaspace] GC(0) Metaspace: 7863K(8000K)->7863K(8000K) NonClass: 6965K(7040K)->6965K(7040K) Class: 897K(960K)->897K(960K)
[2022-03-26T00:57:35.801+0300][gc          ] GC(0) Pause Young (Normal) (G1 Evacuation Pause) 25M->7M(512M) 6.077ms
[2022-03-26T00:57:35.801+0300][gc,cpu      ] GC(0) User=0.01s Sys=0.01s Real=0.01s
[2022-03-26T01:01:49.141+0300][gc,heap,exit] Heap
[2022-03-26T01:01:49.141+0300][gc,heap,exit]  garbage-first heap   total 524288K, used 16414K [0x00000007e0000000, 0x0000000800000000)
[2022-03-26T01:01:49.141+0300][gc,heap,exit]   region size 1024K, 13 young (13312K), 4 survivors (4096K)
[2022-03-26T01:01:49.141+0300][gc,heap,exit]  Metaspace       used 8438K, committed 8640K, reserved 1064960K
[2022-03-26T01:01:49.141+0300][gc,heap,exit]   class space    used 920K, committed 1024K, reserved 1048576K
